Archive member included to satisfy reference by file (symbol)

C:/ST/STM32CubeIDE_1.19.0/STM32CubeIDE/plugins/com.st.stm32cube.ide.mcu.externaltools.gnu-tools-for-stm32.13.3.rel1.win32_1.0.0.202411081344/tools/bin/../lib/gcc/arm-none-eabi/13.3.1/../../../../arm-none-eabi/lib/thumb/v7e-m/nofp\libc_nano.a(libc_a-exit.o)
                              C:/ST/STM32CubeIDE_1.19.0/STM32CubeIDE/plugins/com.st.stm32cube.ide.mcu.externaltools.gnu-tools-for-stm32.13.3.rel1.win32_1.0.0.202411081344/tools/bin/../lib/gcc/arm-none-eabi/13.3.1/../../../../arm-none-eabi/lib/thumb/v7e-m/nofp/crt0.o (exit)
C:/ST/STM32CubeIDE_1.19.0/STM32CubeIDE/plugins/com.st.stm32cube.ide.mcu.externaltools.gnu-tools-for-stm32.13.3.rel1.win32_1.0.0.202411081344/tools/bin/../lib/gcc/arm-none-eabi/13.3.1/../../../../arm-none-eabi/lib/thumb/v7e-m/nofp\libc_nano.a(libc_a-findfp.o)
                              C:/ST/STM32CubeIDE_1.19.0/STM32CubeIDE/plugins/com.st.stm32cube.ide.mcu.externaltools.gnu-tools-for-stm32.13.3.rel1.win32_1.0.0.202411081344/tools/bin/../lib/gcc/arm-none-eabi/13.3.1/../../../../arm-none-eabi/lib/thumb/v7e-m/nofp\libc_nano.a(libc_a-exit.o) (__stdio_exit_handler)
C:/ST/STM32CubeIDE_1.19.0/STM32CubeIDE/plugins/com.st.stm32cube.ide.mcu.externaltools.gnu-tools-for-stm32.13.3.rel1.win32_1.0.0.202411081344/tools/bin/../lib/gcc/arm-none-eabi/13.3.1/../../../../arm-none-eabi/lib/thumb/v7e-m/nofp\libc_nano.a(libc_a-fwalk.o)
                              C:/ST/STM32CubeIDE_1.19.0/STM32CubeIDE/plugins/com.st.stm32cube.ide.mcu.externaltools.gnu-tools-for-stm32.13.3.rel1.win32_1.0.0.202411081344/tools/bin/../lib/gcc/arm-none-eabi/13.3.1/../../../../arm-none-eabi/lib/thumb/v7e-m/nofp\libc_nano.a(libc_a-findfp.o) (_fwalk_sglue)
C:/ST/STM32CubeIDE_1.19.0/STM32CubeIDE/plugins/com.st.stm32cube.ide.mcu.externaltools.gnu-tools-for-stm32.13.3.rel1.win32_1.0.0.202411081344/tools/bin/../lib/gcc/arm-none-eabi/13.3.1/../../../../arm-none-eabi/lib/thumb/v7e-m/nofp\libc_nano.a(libc_a-stdio.o)
                              C:/ST/STM32CubeIDE_1.19.0/STM32CubeIDE/plugins/com.st.stm32cube.ide.mcu.externaltools.gnu-tools-for-stm32.13.3.rel1.win32_1.0.0.202411081344/tools/bin/../lib/gcc/arm-none-eabi/13.3.1/../../../../arm-none-eabi/lib/thumb/v7e-m/nofp\libc_nano.a(libc_a-findfp.o) (__sread)
C:/ST/STM32CubeIDE_1.19.0/STM32CubeIDE/plugins/com.st.stm32cube.ide.mcu.externaltools.gnu-tools-for-stm32.13.3.rel1.win32_1.0.0.202411081344/tools/bin/../lib/gcc/arm-none-eabi/13.3.1/../../../../arm-none-eabi/lib/thumb/v7e-m/nofp\libc_nano.a(libc_a-memset.o)
                              C:/ST/STM32CubeIDE_1.19.0/STM32CubeIDE/plugins/com.st.stm32cube.ide.mcu.externaltools.gnu-tools-for-stm32.13.3.rel1.win32_1.0.0.202411081344/tools/bin/../lib/gcc/arm-none-eabi/13.3.1/../../../../arm-none-eabi/lib/thumb/v7e-m/nofp/crt0.o (memset)
C:/ST/STM32CubeIDE_1.19.0/STM32CubeIDE/plugins/com.st.stm32cube.ide.mcu.externaltools.gnu-tools-for-stm32.13.3.rel1.win32_1.0.0.202411081344/tools/bin/../lib/gcc/arm-none-eabi/13.3.1/../../../../arm-none-eabi/lib/thumb/v7e-m/nofp\libc_nano.a(libc_a-closer.o)
                              C:/ST/STM32CubeIDE_1.19.0/STM32CubeIDE/plugins/com.st.stm32cube.ide.mcu.externaltools.gnu-tools-for-stm32.13.3.rel1.win32_1.0.0.202411081344/tools/bin/../lib/gcc/arm-none-eabi/13.3.1/../../../../arm-none-eabi/lib/thumb/v7e-m/nofp\libc_nano.a(libc_a-stdio.o) (_close_r)
C:/ST/STM32CubeIDE_1.19.0/STM32CubeIDE/plugins/com.st.stm32cube.ide.mcu.externaltools.gnu-tools-for-stm32.13.3.rel1.win32_1.0.0.202411081344/tools/bin/../lib/gcc/arm-none-eabi/13.3.1/../../../../arm-none-eabi/lib/thumb/v7e-m/nofp\libc_nano.a(libc_a-reent.o)
                              C:/ST/STM32CubeIDE_1.19.0/STM32CubeIDE/plugins/com.st.stm32cube.ide.mcu.externaltools.gnu-tools-for-stm32.13.3.rel1.win32_1.0.0.202411081344/tools/bin/../lib/gcc/arm-none-eabi/13.3.1/../../../../arm-none-eabi/lib/thumb/v7e-m/nofp\libc_nano.a(libc_a-closer.o) (errno)
C:/ST/STM32CubeIDE_1.19.0/STM32CubeIDE/plugins/com.st.stm32cube.ide.mcu.externaltools.gnu-tools-for-stm32.13.3.rel1.win32_1.0.0.202411081344/tools/bin/../lib/gcc/arm-none-eabi/13.3.1/../../../../arm-none-eabi/lib/thumb/v7e-m/nofp\libc_nano.a(libc_a-impure.o)
                              C:/ST/STM32CubeIDE_1.19.0/STM32CubeIDE/plugins/com.st.stm32cube.ide.mcu.externaltools.gnu-tools-for-stm32.13.3.rel1.win32_1.0.0.202411081344/tools/bin/../lib/gcc/arm-none-eabi/13.3.1/../../../../arm-none-eabi/lib/thumb/v7e-m/nofp\libc_nano.a(libc_a-reent.o) (_impure_ptr)
C:/ST/STM32CubeIDE_1.19.0/STM32CubeIDE/plugins/com.st.stm32cube.ide.mcu.externaltools.gnu-tools-for-stm32.13.3.rel1.win32_1.0.0.202411081344/tools/bin/../lib/gcc/arm-none-eabi/13.3.1/../../../../arm-none-eabi/lib/thumb/v7e-m/nofp\libc_nano.a(libc_a-lseekr.o)
[...]
Memory Configuration

Name             Origin             Length             Attributes
CCMRAM           0x10000000         0x00010000         xrw
RAM              0x20000000         0x00020000         xrw
FLASH            0x08000000         0x00100000         xr
*default*        0x00000000         0xffffffff

Linker script and memory map

LOAD C:/ST/STM32CubeIDE_1.19.0/STM32CubeIDE/plugins/com.st.stm32cube.ide.mcu.externaltools.gnu-tools-for-stm32.13.3.rel1.win32_1.0.0.202411081344/tools/bin/../lib/gcc/arm-none-eabi/13.3.1/thumb/v7e-m/nofp/crti.o
LOAD C:/ST/STM32CubeIDE_1.19.0/STM32CubeIDE/plugins/com.st.stm32cube.ide.mcu.externaltools.gnu-tools-for-stm32.13.3.rel1.win32_1.0.0.202411081344/tools/bin/../lib/gcc/arm-none-eabi/13.3.1/thumb/v7e-m/nofp/crtbegin.o
LOAD C:/ST/STM32CubeIDE_1.19.0/STM32CubeIDE/plugins/com.st.stm32cube.ide.mcu.externaltools.gnu-tools-for-stm32.13.3.rel1.win32_1.0.0.202411081344/tools/bin/../lib/gcc/arm-none-eabi/13.3.1/../../../../arm-none-eabi/lib/thumb/v7e-m/nofp/crt0.o
LOAD ./Src/itm.o
LOAD ./Src/main.o
LOAD ./Src/my_led.o
LOAD ./Src/my_switch.o
LOAD ./Src/syscalls.o
LOAD ./Src/sysmem.o
LOAD ./Src/system_stm32f4xx.o
LOAD ./Startup/startup_stm32f407vgtx.o
START GROUP
LOAD C:/ST/STM32CubeIDE_1.19.0/STM32CubeIDE/plugins/com.st.stm32cube.ide.mcu.externaltools.gnu-tools-for-stm32.13.3.rel1.win32_1.0.0.202411081344/tools/bin/../lib/gcc/arm-none-eabi/13.3.1/../../../../arm-none-eabi/lib/thumb/v7e-m/nofp\libc_nano.a
LOAD C:/ST/STM32CubeIDE_1.19.0/STM32CubeIDE/plugins/com.st.stm32cube.ide.mcu.externaltools.gnu-tools-for-stm32.13.3.rel1.win32_1.0.0.202411081344/tools/bin/../lib/gcc/arm-none-eabi/13.3.1/../../../../arm-none-eabi/lib/thumb/v7e-m/nofp\libm.a
END GROUP
START GROUP
LOAD C:/ST/STM32CubeIDE_1.19.0/STM32CubeIDE/plugins/com.st.stm32cube.ide.mcu.externaltools.gnu-tools-for-stm32.13.3.rel1.win32_1.0.0.202411081344/tools/bin/../lib/gcc/arm-none-eabi/13.3.1/thumb/v7e-m/nofp\libgcc.a
LOAD C:/ST/STM32CubeIDE_1.19.0/STM32CubeIDE/plugins/com.st.stm32cube.ide.mcu.externaltools.gnu-tools-for-stm32.13.3.rel1.win32_1.0.0.202411081344/tools/bin/../lib/gcc/arm-none-eabi/13.3.1/../../../../arm-none-eabi/lib/thumb/v7e-m/nofp\libc_nano.a
END GROUP
START GROUP
LOAD C:/ST/STM32CubeIDE_1.19.0/STM32CubeIDE/plugins/com.st.stm32cube.ide.mcu.externaltools.gnu-tools-for-stm32.13.3.rel1.win32_1.0.0.202411081344/tools/bin/../lib/gcc/arm-none-eabi/13.3.1/thumb/v7e-m/nofp\libgcc.a
LOAD C:/ST/STM32CubeIDE_1.19.0/STM32CubeIDE/plugins/com.st.stm32cube.ide.mcu.externaltools.gnu-tools-for-stm32.13.3.rel1.win32_1.0.0.202411081344/tools/bin/../lib/gcc/arm-none-eabi/13.3.1/../../../../arm-none-eabi/lib/thumb/v7e-m/nofp\libc_nano.a
LOAD C:/ST/STM32CubeIDE_1.19.0/STM32CubeIDE/plugins/com.st.stm32cube.ide.mcu.externaltools.gnu-tools-for-stm32.13.3.rel1.win32_1.0.0.202411081344/tools/bin/../lib/gcc/arm-none-eabi/13.3.1/../../../../arm-none-eabi/lib/thumb/v7e-m/nofp\libnosys.a
END GROUP
START GROUP
LOAD C:/ST/STM32CubeIDE_1.19.0/STM32CubeIDE/plugins/com.st.stm32cube.ide.mcu.externaltools.gnu-tools-for-stm32.13.3.rel1.win32_1.0.0.202411081344/tools/bin/../lib/gcc/arm-none-eabi/13.3.1/thumb/v7e-m/nofp\libgcc.a
LOAD C:/ST/STM32CubeIDE_1.19.0/STM32CubeIDE/plugins/com.st.stm32cube.ide.mcu.externaltools.gnu-tools-for-stm32.13.3.rel1.win32_1.0.0.202411081344/tools/bin/../lib/gcc/arm-none-eabi/13.3.1/../../../../arm-none-eabi/lib/thumb/v7e-m/nofp\libc_nano.a
LOAD C:/ST/STM32CubeIDE_1.19.0/STM32CubeIDE/plugins/com.st.stm32cube.ide.mcu.externaltools.gnu-tools-for-stm32.13.3.rel1.win32_1.0.0.202411081344/tools/bin/../lib/gcc/arm-none-eabi/13.3.1/../../../../arm-none-eabi/lib/thumb/v7e-m/nofp\libnosys.a
END GROUP
LOAD C:/ST/STM32CubeIDE_1.19.0/STM32CubeIDE/plugins/com.st.stm32cube.ide.mcu.externaltools.gnu-tools-for-stm32.13.3.rel1.win32_1.0.0.202411081344/tools/bin/../lib/gcc/arm-none-eabi/13.3.1/thumb/v7e-m/nofp/crtend.o
LOAD C:/ST/STM32CubeIDE_1.19.0/STM32CubeIDE/plugins/com.st.stm32cube.ide.mcu.externaltools.gnu-tools-for-stm32.13.3.rel1.win32_1.0.0.202411081344/tools/bin/../lib/gcc/arm-none-eabi/13.3.1/thumb/v7e-m/nofp/crtn.o
                0x20020000                        _estack = (ORIGIN (RAM) + LENGTH (RAM))
                0x00000200                        _Min_Heap_Size = 0x200
                0x00000400                        _Min_Stack_Size = 0x400

.isr_vector     0x08000000      0x188
                0x08000000                        . = ALIGN (0x4)
 *(.isr_vector)
 .isr_vector    0x08000000      0x188 ./Startup/startup_stm32f407vgtx.o
                0x08000000                g_pfnVectors
                0x08000188                        . = ALIGN (0x4)

.text           0x08000188      0x320
                0x08000188                        . = ALIGN (0x4)
 *(.text)
 .text          0x08000188       0x40 C:/ST/STM32CubeIDE_1.19.0/STM32CubeIDE/plugins/com.st.stm32cube.ide.mcu.externaltools.gnu-tools-for-stm32.13.3.rel1.win32_1.0.0.202411081344/tools/bin/../lib/gcc/arm-none-eabi/13.3.1/thumb/v7e-m/nofp/crtbegin.o
 *(.text*)
 .text.main     0x080001c8       0x74 ./Src/main.o
                0x080001c8                main
 .text.led_init
                0x0800023c       0x74 ./Src/my_led.o
                0x0800023c                led_init
 .text.led_one  0x080002b0       0x1c ./Src/my_led.o
                0x080002b0                led_one
 .text.led_two  0x080002cc       0x1c ./Src/my_led.o
                0x080002cc                led_two
 .text.led_three
                0x080002e8       0x1c ./Src/my_led.o
                0x080002e8                led_three
 .text.led_four
                0x08000304       0x1c ./Src/my_led.o
                0x08000304                led_four
 .text.switch_init
                0x08000320       0x44 ./Src/my_switch.o
                0x08000320                switch_init
 .text.switch_status
                0x08000364       0x24 ./Src/my_switch.o
                0x08000364                switch_status
 .text.SystemInit
                0x08000388        0xc ./Src/system_stm32f4xx.o
                0x08000388                SystemInit
 .text.DWT_Init
                0x08000394       0x60 ./Src/system_stm32f4xx.o
                0x08000394                DWT_Init
 .text.Reset_Handler
                0x080003f4       0x50 ./Startup/startup_stm32f407vgtx.o
                0x080003f4                Reset_Handler
 .text.Default_Handler
                0x08000444        0x2 ./Startup/startup_stm32f407vgtx.o
                0x08000444                RTC_Alarm_IRQHandler
                0x08000444                HASH_RNG_IRQHandler
                0x08000444                EXTI2_IRQHandler
                0x08000444                TIM8_CC_IRQHandler
                0x08000444                DebugMon_Handler
                0x08000444                TIM1_CC_IRQHandler
                0x08000444                DMA2_Stream5_IRQHandler
                0x08000444                HardFault_Handler
                0x08000444                DMA1_Stream5_IRQHandler
                0x08000444                SysTick_Handler
                0x08000444                PVD_IRQHandler
                0x08000444                SDIO_IRQHandler
                0x08000444                TAMP_STAMP_IRQHandler
                0x08000444                PendSV_Handler
                0x08000444                NMI_Handler
                0x08000444                CAN2_RX1_IRQHandler
                0x08000444                EXTI3_IRQHandler
                0x08000444                TIM8_TRG_COM_TIM14_IRQHandler
                0x08000444                TIM1_UP_TIM10_IRQHandler
                0x08000444                TIM8_UP_TIM13_IRQHandler
                0x08000444                I2C3_ER_IRQHandler
                0x08000444                EXTI0_IRQHandler
                0x08000444                I2C2_EV_IRQHandler
                0x08000444                DMA1_Stream2_IRQHandler
                0x08000444                CAN1_RX0_IRQHandler
                0x08000444                FPU_IRQHandler
                0x08000444                OTG_HS_WKUP_IRQHandler
                0x08000444                UsageFault_Handler
                0x08000444                CAN2_SCE_IRQHandler
                0x08000444                DMA2_Stream2_IRQHandler
                0x08000444                SPI1_IRQHandler
                0x08000444                TIM6_DAC_IRQHandler
                0x08000444                TIM1_BRK_TIM9_IRQHandler
                0x08000444                DCMI_IRQHandler
                0x08000444                CAN2_RX0_IRQHandler
                0x08000444                DMA2_Stream3_IRQHandler
                0x08000444                USART6_IRQHandler
                0x08000444                USART3_IRQHandler
                0x08000444                CRYP_IRQHandler
                0x08000444                CAN1_RX1_IRQHandler
                0x08000444                UART5_IRQHandler
                0x08000444                DMA2_Stream0_IRQHandler
                0x08000444                TIM4_IRQHandler
                0x08000444                I2C1_EV_IRQHandler
                0x08000444                DMA1_Stream6_IRQHandler
                0x08000444                DMA1_Stream1_IRQHandler
                0x08000444                UART4_IRQHandler
                0x08000444                TIM3_IRQHandler
                0x08000444                RCC_IRQHandler
                0x08000444                TIM8_BRK_TIM12_IRQHandler
                0x08000444                Default_Handler
                0x08000444                EXTI15_10_IRQHandler
                0x08000444                ADC_IRQHandler
                0x08000444                DMA1_Stream7_IRQHandler
                0x08000444                TIM7_IRQHandler
                0x08000444                CAN2_TX_IRQHandler
                0x08000444                TIM5_IRQHandler
                0x08000444                DMA2_Stream7_IRQHandler
                0x08000444                I2C3_EV_IRQHandler
                0x08000444                EXTI9_5_IRQHandler
                0x08000444                RTC_WKUP_IRQHandler
                0x08000444                ETH_WKUP_IRQHandler
                0x08000444                SPI2_IRQHandler
                0x08000444                OTG_HS_EP1_IN_IRQHandler
                0x08000444                MemManage_Handler
                0x08000444                DMA1_Stream0_IRQHandler
                0x08000444                CAN1_TX_IRQHandler
                0x08000444                SVC_Handler
                0x08000444                EXTI4_IRQHandler
                0x08000444                FSMC_IRQHandler
                0x08000444                ETH_IRQHandler
                0x08000444                OTG_HS_EP1_OUT_IRQHandler
                0x08000444                WWDG_IRQHandler
                0x08000444                TIM2_IRQHandler
                0x08000444                OTG_FS_WKUP_IRQHandler
                0x08000444                TIM1_TRG_COM_TIM11_IRQHandler
                0x08000444                OTG_HS_IRQHandler
                0x08000444                EXTI1_IRQHandler
                0x08000444                USART2_IRQHandler
                0x08000444                I2C2_ER_IRQHandler
                0x08000444                DMA2_Stream1_IRQHandler
                0x08000444                CAN1_SCE_IRQHandler
                0x08000444                DMA2_Stream4_IRQHandler
                0x08000444                BusFault_Handler
                0x08000444                USART1_IRQHandler
                0x08000444                OTG_FS_IRQHandler
                0x08000444                SPI3_IRQHandler
                0x08000444                DMA1_Stream4_IRQHandler
                0x08000444                I2C1_ER_IRQHandler
                0x08000444                DMA2_Stream6_IRQHandler
                0x08000444                DMA1_Stream3_IRQHandler
 *fill*         0x08000446        0x2 
 .text.__libc_init_array
                0x08000448       0x48 C:/ST/STM32CubeIDE_1.19.0/STM32CubeIDE/plugins/com.st.stm32cube.ide.mcu.externaltools.gnu-tools-for-stm32.13.3.rel1.win32_1.0.0.202411081344/tools/bin/../lib/gcc/arm-none-eabi/13.3.1/../../../../arm-none-eabi/lib/thumb/v7e-m/nofp\libc_nano.a(libc_a-init.o)
                0x08000448                __libc_init_array
 *(.glue_7)
 .glue_7        0x08000490        0x0 linker stubs
 *(.glue_7t)
 .glue_7t       0x08000490        0x0 linker stubs
 *(.eh_frame)
 .eh_frame      0x08000490        0x0 C:/ST/STM32CubeIDE_1.19.0/STM32CubeIDE/plugins/com.st.stm32cube.ide.mcu.externaltools.gnu-tools-for-stm32.13.3.rel1.win32_1.0.0.202411081344/tools/bin/../lib/gcc/arm-none-eabi/13.3.1/thumb/v7e-m/nofp/crtbegin.o
 *(.init)
 .init          0x08000490        0x4 C:/ST/STM32CubeIDE_1.19.0/STM32CubeIDE/plugins/com.st.stm32cube.ide.mcu.externaltools.gnu-tools-for-stm32.13.3.rel1.win32_1.0.0.202411081344/tools/bin/../lib/gcc/arm-none-eabi/13.3.1/thumb/v7e-m/nofp/crti.o
                0x08000490                _init
 .init          0x08000494        0x8 C:/ST/STM32CubeIDE_1.19.0/STM32CubeIDE/plugins/com.st.stm32cube.ide.mcu.externaltools.gnu-tools-for-stm32.13.3.rel1.win32_1.0.0.202411081344/tools/bin/../lib/gcc/arm-none-eabi/13.3.1/thumb/v7e-m/nofp/crtn.o
 *(.fini)
 .fini          0x0800049c        0x4 C:/ST/STM32CubeIDE_1.19.0/STM32CubeIDE/plugins/com.st.stm32cube.ide.mcu.externaltools.gnu-tools-for-stm32.13.3.rel1.win32_1.0.0.202411081344/tools/bin/../lib/gcc/arm-none-eabi/13.3.1/thumb/v7e-m/nofp/crti.o
                0x0800049c                _fini
 .fini          0x080004a0        0x8 C:/ST/STM32CubeIDE_1.19.0/STM32CubeIDE/plugins/com.st.stm32cube.ide.mcu.externaltools.gnu-tools-for-stm32.13.3.rel1.win32_1.0.0.202411081344/tools/bin/../lib/gcc/arm-none-eabi/13.3.1/thumb/v7e-m/nofp/crtn.o
                0x080004a8                        . = ALIGN (0x4)
                0x080004a8                        _etext = .

.vfp11_veneer   0x080004a8        0x0
 .vfp11_veneer  0x080004a8        0x0 linker stubs

.v4_bx          0x080004a8        0x0
 .v4_bx         0x080004a8        0x0 linker stubs

.iplt           0x080004a8        0x0
 .iplt          0x080004a8        0x0 C:/ST/STM32CubeIDE_1.19.0/STM32CubeIDE/plugins/com.st.stm32cube.ide.mcu.externaltools.gnu-tools-for-stm32.13.3.rel1.win32_1.0.0.202411081344/tools/bin/../lib/gcc/arm-none-eabi/13.3.1/thumb/v7e-m/nofp/crtbegin.o

.rodata         0x080004a8        0x0
                0x080004a8                        . = ALIGN (0x4)
 *(.rodata)
 *(.rodata*)
                0x080004a8                        . = ALIGN (0x4)

.ARM.extab      0x080004a8        0x0
                0x080004a8                        . = ALIGN (0x4)
 *(.ARM.extab* .gnu.linkonce.armextab.*)
                0x080004a8                        . = ALIGN (0x4)

.ARM            0x080004a8        0x0
                0x080004a8                        . = ALIGN (0x4)
                0x080004a8                        __exidx_start = .
 *(.ARM.exidx*)
                0x080004a8                        __exidx_end = .
                0x080004a8                        . = ALIGN (0x4)

.preinit_array  0x080004a8        0x0
                0x080004a8                        . = ALIGN (0x4)
                0x080004a8                        PROVIDE (__preinit_array_start = .)
 *(.preinit_array*)
                0x080004a8                        PROVIDE (__preinit_array_end = .)
                0x080004a8                        . = ALIGN (0x4)

.init_array     0x080004a8        0x4
                0x080004a8                        . = ALIGN (0x4)
                0x080004a8                        PROVIDE (__init_array_start = .)
 *(SORT_BY_NAME(.init_array.*))
 *(.init_array*)
 .init_array    0x080004a8        0x4 C:/ST/STM32CubeIDE_1.19.0/STM32CubeIDE/plugins/com.st.stm32cube.ide.mcu.externaltools.gnu-tools-for-stm32.13.3.rel1.win32_1.0.0.202411081344/tools/bin/../lib/gcc/arm-none-eabi/13.3.1/thumb/v7e-m/nofp/crtbegin.o
                0x080004ac                        PROVIDE (__init_array_end = .)
                0x080004ac                        . = ALIGN (0x4)

.fini_array     0x080004ac        0x4
                0x080004ac                        . = ALIGN (0x4)
                [!provide]                        PROVIDE (__fini_array_start = .)
 *(SORT_BY_NAME(.fini_array.*))
 *(.fini_array*)
 .fini_array    0x080004ac        0x4 C:/ST/STM32CubeIDE_1.19.0/STM32CubeIDE/plugins/com.st.stm32cube.ide.mcu.externaltools.gnu-tools-for-stm32.13.3.rel1.win32_1.0.0.202411081344/tools/bin/../lib/gcc/arm-none-eabi/13.3.1/thumb/v7e-m/nofp/crtbegin.o
                [!provide]                        PROVIDE (__fini_array_end = .)
                0x080004b0                        . = ALIGN (0x4)
                0x080004b0                        _sidata = LOADADDR (.data)

.rel.dyn        0x080004b0        0x0
 .rel.iplt      0x080004b0        0x0 C:/ST/STM32CubeIDE_1.19.0/STM32CubeIDE/plugins/com.st.stm32cube.ide.mcu.externaltools.gnu-tools-for-stm32.13.3.rel1.win32_1.0.0.202411081344/tools/bin/../lib/gcc/arm-none-eabi/13.3.1/thumb/v7e-m/nofp/crtbegin.o

.data           0x20000000        0x0 load address 0x080004b0
                0x20000000                        . = ALIGN (0x4)
                0x20000000                        _sdata = .
 *(.data)
 *(.data*)
 *(.RamFunc)
 *(.RamFunc*)
                0x20000000                        . = ALIGN (0x4)
                0x20000000                        _edata = .
                0x080004b0                        _siccmram = LOADADDR (.ccmram)

.igot.plt       0x20000000        0x0 load address 0x080004b0
 .igot.plt      0x20000000        0x0 C:/ST/STM32CubeIDE_1.19.0/STM32CubeIDE/plugins/com.st.stm32cube.ide.mcu.externaltools.gnu-tools-for-stm32.13.3.rel1.win32_1.0.0.202411081344/tools/bin/../lib/gcc/arm-none-eabi/13.3.1/thumb/v7e-m/nofp/crtbegin.o

.ccmram         0x10000000        0x0 load address 0x080004b0
                0x10000000                        . = ALIGN (0x4)
                0x10000000                        _sccmram = .
 *(.ccmram)
 *(.ccmram*)
                0x10000000                        . = ALIGN (0x4)
                0x10000000                        _eccmram = .
                0x10000000                        . = ALIGN (0x4)

.bss            0x20000000       0x1c
                0x20000000                        _sbss = .
                0x20000000                        __bss_start__ = _sbss
 *(.bss)
 .bss           0x20000000       0x1c C:/ST/STM32CubeIDE_1.19.0/STM32CubeIDE/plugins/com.st.stm32cube.ide.mcu.externaltools.gnu-tools-for-stm32.13.3.rel1.win32_1.0.0.202411081344/tools/bin/../lib/gcc/arm-none-eabi/13.3.1/thumb/v7e-m/nofp/crtbegin.o
 *(.bss*)
 *(COMMON)
                0x2000001c                        . = ALIGN (0x4)
                0x2000001c                        _ebss = .
                0x2000001c                        __bss_end__ = _ebss

._user_heap_stack
                0x2000001c      0x604
                0x20000020                        . = ALIGN (0x8)
 *fill*         0x2000001c        0x4 
                [!provide]                        PROVIDE (end = .)
                0x20000020                        PROVIDE (_end = .)
                0x20000220                        . = (. + _Min_Heap_Size)
 *fill*         0x20000020      0x200 
                0x20000620                        . = (. + _Min_Stack_Size)
 *fill*         0x20000220      0x400 
                0x20000620                        . = ALIGN (0x8)

/DISCARD/
 libc.a(*)
 libm.a(*)
 libgcc.a(*)

.ARM.attributes
                0x00000000       0x2a
 *(.ARM.attributes)
 .ARM.attributes
                0x00000000       0x1e C:/ST/STM32CubeIDE_1.19.0/STM32CubeIDE/plugins/com.st.stm32cube.ide.mcu.externaltools.gnu-tools-for-stm32.13.3.rel1.win32_1.0.0.202411081344/tools/bin/../lib/gcc/arm-none-eabi/13.3.1/thumb/v7e-m/nofp/crti.o
 .ARM.attributes
                0x0000001e       0x2e C:/ST/STM32CubeIDE_1.19.0/STM32CubeIDE/plugins/com.st.stm32cube.ide.mcu.externaltools.gnu-tools-for-stm32.13.3.rel1.win32_1.0.0.202411081344/tools/bin/../lib/gcc/arm-none-eabi/13.3.1/thumb/v7e-m/nofp/crtbegin.o
 .ARM.attributes
                0x0000004c       0x2e ./Src/main.o
 .ARM.attributes
                0x0000007a       0x2e ./Src/my_led.o
 .ARM.attributes
                0x000000a8       0x2e ./Src/my_switch.o
 .ARM.attributes
                0x000000d6       0x2e ./Src/system_stm32f4xx.o
 .ARM.attributes
                0x00000104       0x21 ./Startup/startup_stm32f407vgtx.o
 .ARM.attributes
                0x00000125       0x2e C:/ST/STM32CubeIDE_1.19.0/STM32CubeIDE/plugins/com.st.stm32cube.ide.mcu.externaltools.gnu-tools-for-stm32.13.3.rel1.win32_1.0.0.202411081344/tools/bin/../lib/gcc/arm-none-eabi/13.3.1/../../../../arm-none-eabi/lib/thumb/v7e-m/nofp\libc_nano.a(libc_a-init.o)
 .ARM.attributes
                0x00000153       0x1e C:/ST/STM32CubeIDE_1.19.0/STM32CubeIDE/plugins/com.st.stm32cube.ide.mcu.externaltools.gnu-tools-for-stm32.13.3.rel1.win32_1.0.0.202411081344/tools/bin/../lib/gcc/arm-none-eabi/13.3.1/thumb/v7e-m/nofp/crtn.o
OUTPUT(switch4.c.elf elf32-littlearm)
LOAD linker stubs
LOAD C:/ST/STM32CubeIDE_1.19.0/STM32CubeIDE/plugins/com.st.stm32cube.ide.mcu.externaltools.gnu-tools-for-stm32.13.3.rel1.win32_1.0.0.202411081344/tools/bin/../lib/gcc/arm-none-eabi/13.3.1/../../../../arm-none-eabi/lib/thumb/v7e-m/nofp\libc.a
LOAD C:/ST/STM32CubeIDE_1.19.0/STM32CubeIDE/plugins/com.st.stm32cube.ide.mcu.externaltools.gnu-tools-for-stm32.13.3.rel1.win32_1.0.0.202411081344/tools/bin/../lib/gcc/arm-none-eabi/13.3.1/../../../../arm-none-eabi/lib/thumb/v7e-m/nofp\libm.a
LOAD C:/ST/STM32CubeIDE_1.19.0/STM32CubeIDE/plugins/com.st.stm32cube.ide.mcu.externaltools.gnu-tools-for-stm32.13.3.rel1.win32_1.0.0.202411081344/tools/bin/../lib/gcc/arm-none-eabi/13.3.1/thumb/v7e-m/nofp\libgcc.a

.debug_info     0x00000000      0xc3b
 .debug_info    0x00000000       0xd9 ./Src/main.o
 .debug_info    0x000000d9      0x30a ./Src/my_led.o
 .debug_info    0x000003e3      0x2e2 ./Src/my_switch.o
 .debug_info    0x000006c5      0x546 ./Src/system_stm32f4xx.o
 .debug_info    0x00000c0b       0x30 ./Startup/startup_stm32f407vgtx.o

.debug_abbrev   0x00000000      0x391
 .debug_abbrev  0x00000000       0x81 ./Src/main.o
 .debug_abbrev  0x00000081       0xb8 ./Src/my_led.o
 .debug_abbrev  0x00000139       0xd1 ./Src/my_switch.o
 .debug_abbrev  0x0000020a      0x163 ./Src/system_stm32f4xx.o
 .debug_abbrev  0x0000036d       0x24 ./Startup/startup_stm32f407vgtx.o

.debug_aranges  0x00000000       0xe8
 .debug_aranges
                0x00000000       0x20 ./Src/main.o
 .debug_aranges
                0x00000020       0x40 ./Src/my_led.o
 .debug_aranges
                0x00000060       0x28 ./Src/my_switch.o
 .debug_aranges
                0x00000088       0x38 ./Src/system_stm32f4xx.o
 .debug_aranges
                0x000000c0       0x28 ./Startup/startup_stm32f407vgtx.o

.debug_rnglists
                0x00000000       0x96
 .debug_rnglists
                0x00000000       0x13 ./Src/main.o
 .debug_rnglists
                0x00000013       0x2b ./Src/my_led.o
 .debug_rnglists
                0x0000003e       0x19 ./Src/my_switch.o
 .debug_rnglists
                0x00000057       0x26 ./Src/system_stm32f4xx.o
 .debug_rnglists
                0x0000007d       0x19 ./Startup/startup_stm32f407vgtx.o

.debug_macro    0x00000000    0x18242
 .debug_macro   0x00000000      0x1b4 ./Src/main.o
 .debug_macro   0x000001b4       0x61 ./Src/main.o
 .debug_macro   0x00000215       0x24 ./Src/main.o
 .debug_macro   0x00000239       0x43 ./Src/main.o
 .debug_macro   0x0000027c       0x34 ./Src/main.o
 .debug_macro   0x000002b0       0x16 ./Src/main.o
 .debug_macro   0x000002c6       0x9e ./Src/main.o
 .debug_macro   0x00000364      0x370 ./Src/main.o
 .debug_macro   0x000006d4      0x112 ./Src/main.o
 .debug_macro   0x000007e6       0x10 ./Src/main.o
 .debug_macro   0x000007f6       0x16 ./Src/main.o
 .debug_macro   0x0000080c       0x4a ./Src/main.o
 .debug_macro   0x00000856       0x34 ./Src/main.o
 .debug_macro   0x0000088a       0x10 ./Src/main.o
 .debug_macro   0x0000089a       0x58 ./Src/main.o
 .debug_macro   0x000008f2       0x8e ./Src/main.o
 .debug_macro   0x00000980       0x1c ./Src/main.o
 .debug_macro   0x0000099c      0x185 ./Src/main.o
 .debug_macro   0x00000b21       0x16 ./Src/main.o
 .debug_macro   0x00000b37       0x16 ./Src/main.o
 .debug_macro   0x00000b4d      0x146 ./Src/main.o
 .debug_macro   0x00000c93       0x2f ./Src/main.o
 .debug_macro   0x00000cc2       0x1c ./Src/main.o
 .debug_macro   0x00000cde       0x22 ./Src/main.o
 .debug_macro   0x00000d00       0xd9 ./Src/main.o
 .debug_macro   0x00000dd9     0x102d ./Src/main.o
 .debug_macro   0x00001e06      0x11f ./Src/main.o
 .debug_macro   0x00001f25    0x15e3c ./Src/main.o
 .debug_macro   0x00017d61       0x28 ./Src/main.o
 .debug_macro   0x00017d89       0x10 ./Src/main.o
 .debug_macro   0x00017d99      0x1ab ./Src/my_led.o
 .debug_macro   0x00017f44      0x1a5 ./Src/my_switch.o
 .debug_macro   0x000180e9       0xe1 ./Src/system_stm32f4xx.o
 .debug_macro   0x000181ca       0x2e ./Src/system_stm32f4xx.o
 .debug_macro   0x000181f8       0x4a ./Src/system_stm32f4xx.o

.debug_line     0x00000000     0x1900
 .debug_line    0x00000000      0x649 ./Src/main.o
 .debug_line    0x00000649      0x685 ./Src/my_led.o
 .debug_line    0x00000cce      0x62c ./Src/my_switch.o
 .debug_line    0x000012fa      0x58b ./Src/system_stm32f4xx.o
 .debug_line    0x00001885       0x7b ./Startup/startup_stm32f407vgtx.o

.debug_str      0x00000000    0x8b866
 .debug_str     0x00000000    0x8b866 ./Src/main.o
                              0x8b40b (size before relaxing)
 .debug_str     0x0008b866    0x8b522 ./Src/my_led.o
 .debug_str     0x0008b866    0x8b4d5 ./Src/my_switch.o
 .debug_str     0x0008b866    0x87e0d ./Src/system_stm32f4xx.o
 .debug_str     0x0008b866       0x58 ./Startup/startup_stm32f407vgtx.o

.comment        0x00000000       0x43
 .comment       0x00000000       0x43 ./Src/main.o
                                 0x44 (size before relaxing)
 .comment       0x00000043       0x44 ./Src/my_led.o
 .comment       0x00000043       0x44 ./Src/my_switch.o
 .comment       0x00000043       0x44 ./Src/system_stm32f4xx.o

.debug_frame    0x00000000      0x1e0
 .debug_frame   0x00000000       0x30 ./Src/main.o
 .debug_frame   0x00000030       0xb0 ./Src/my_led.o
 .debug_frame   0x000000e0       0x50 ./Src/my_switch.o
 .debug_frame   0x00000130       0x84 ./Src/system_stm32f4xx.o
 .debug_frame   0x000001b4       0x2c C:/ST/STM32CubeIDE_1.19.0/STM32CubeIDE/plugins/com.st.stm32cube.ide.mcu.externaltools.gnu-tools-for-stm32.13.3.rel1.win32_1.0.0.202411081344/tools/bin/../lib/gcc/arm-none-eabi/13.3.1/../../../../arm-none-eabi/lib/thumb/v7e-m/nofp\libc_nano.a(libc_a-init.o)

.debug_loclists
                0x00000000       0x25
 .debug_loclists
                0x00000000       0x25 ./Src/system_stm32f4xx.o

.debug_line_str
                0x00000000       0x3c
 .debug_line_str
                0x00000000       0x3c ./Startup/startup_stm32f407vgtx.o
